val snapshot_df = spark.read.format("iceberg").load("bar1.snapshots")
snapshot_df.createOrReplaceTempView("snapshot_temp_table")
val snap_ids = spark.sql("SELECT snapshot_id FROM snapshot_temp_table ORDER BY committed_at DESC LIMIT 2")
val start_snapshot_id = snap_ids.collect()(1)(0).toString
val end_snapshot_id = snap_ids.collect()(0)(0).toString
val df = spark.read.format("iceberg").option("snapshot-id", start_snapshot_id).load("bar1")
df.createOrReplaceTempView("bar1")
val df = spark.read.format("iceberg").option("start-snapshot-id", start_snapshot_id).option("end-snapshot-id", end_snapshot_id).load("bar1")
df.createOrReplaceTempView("bar1_delta")
val snapshot_df = spark.read.format("iceberg").load("bar2.snapshots")
snapshot_df.createOrReplaceTempView("snapshot_temp_table")
val snap_ids = spark.sql("SELECT snapshot_id FROM snapshot_temp_table ORDER BY committed_at DESC LIMIT 2")
val start_snapshot_id = snap_ids.collect()(1)(0).toString
val end_snapshot_id = snap_ids.collect()(0)(0).toString
val df = spark.read.format("iceberg").option("snapshot-id", start_snapshot_id).load("bar2")
df.createOrReplaceTempView("bar2")
val df = spark.read.format("iceberg").option("start-snapshot-id", start_snapshot_id).option("end-snapshot-id", end_snapshot_id).load("bar2")
df.createOrReplaceTempView("bar2_delta")
val query_response = spark.sql("SELECT *
FROM (SELECT *
FROM default.bar1 AS bar1
INNER JOIN default.bar2_delta AS bar2_delta ON bar1.x = bar2_delta.x
UNION ALL
SELECT *
FROM default.bar1_delta AS bar1_delta
INNER JOIN default.bar2 AS bar2 ON bar1_delta.x = bar2.x) AS t
UNION ALL
SELECT *
FROM default.bar1_delta AS bar1_delta0
INNER JOIN default.bar2_delta AS bar2_delta0 ON bar1_delta0.x = bar2_delta0.x")
query_response.write.mode("append").saveAsTable("join_output")
